[html.vecurosoft.com/kundax/demo/index.html]
[backblue.gif]
[fade.gif]
[index.html]
[html.vecurosoft.com/kundax/demo/assets/img/favicons/apple-icon-57x57.png]
[html.vecurosoft.com/kundax/demo/assets/img/favicons/apple-icon-60x60.png]
[html.vecurosoft.com/kundax/demo/assets/img/favicons/apple-icon-72x72.png]
[html.vecurosoft.com/kundax/demo/assets/img/favicons/apple-icon-76x76.png]
[html.vecurosoft.com/kundax/demo/assets/img/favicons/apple-icon-114x114.png]
[html.vecurosoft.com/kundax/demo/assets/img/favicons/apple-icon-120x120.png]
[html.vecurosoft.com/kundax/demo/assets/img/favicons/apple-icon-144x144.png]
[html.vecurosoft.com/kundax/demo/assets/img/favicons/apple-icon-152x152.png]
[html.vecurosoft.com/kundax/demo/assets/img/favicons/apple-icon-180x180.png]
[html.vecurosoft.com/kundax/demo/assets/img/favicons/android-icon-192x192.png]
[html.vecurosoft.com/kundax/demo/assets/img/favicons/favicon-32x32.png]
[html.vecurosoft.com/kundax/demo/assets/img/favicons/favicon-96x96.png]
[html.vecurosoft.com/kundax/demo/assets/img/favicons/favicon-16x16.png]
[html.vecurosoft.com/kundax/demo/assets/img/favicons/manifest.json]
[html.vecurosoft.com/kundax/demo/assets/img/favicons/ms-icon-144x144.png]
[html.vecurosoft.com/kundax/demo/assets/css/bootstrap.min.css]
[html.vecurosoft.com/kundax/demo/assets/css/fontawesome.min.css]
[html.vecurosoft.com/kundax/demo/assets/css/magnific-popup.min.css]
[html.vecurosoft.com/kundax/demo/assets/css/slick.min.css]
[html.vecurosoft.com/kundax/demo/assets/css/style.css]
[html.vecurosoft.com/kundax/demo/assets/img/footer-logo.png]
[html.vecurosoft.com/kundax/demo/blog-details.html]
[html.vecurosoft.com/kundax/demo/assets/img/blog/blog-thumb-1.jpg]
[html.vecurosoft.com/kundax/demo/blog.html]
[html.vecurosoft.com/kundax/demo/assets/img/blog/blog-thumb-2.jpg]
[html.vecurosoft.com/kundax/demo/assets/img/logo.png]
[html.vecurosoft.com/kundax/demo/index-2.html]
[html.vecurosoft.com/kundax/demo/index-3.html]
[html.vecurosoft.com/kundax/demo/about.html]
[html.vecurosoft.com/kundax/demo/service.html]
[html.vecurosoft.com/kundax/demo/service-details.html]
[html.vecurosoft.com/kundax/demo/shop.html]
[html.vecurosoft.com/kundax/demo/shop-details.html]
[html.vecurosoft.com/kundax/demo/event.html]
[html.vecurosoft.com/kundax/demo/event-details.html]
[html.vecurosoft.com/kundax/demo/gallery.html]
[html.vecurosoft.com/kundax/demo/team-details.html]
[html.vecurosoft.com/kundax/demo/contact.html]
[html.vecurosoft.com/kundax/demo/classes.html]
[html.vecurosoft.com/kundax/demo/class-details.html]
[html.vecurosoft.com/kundax/demo/cart.html]
[html.vecurosoft.com/kundax/demo/checkout.html]
[html.vecurosoft.com/kundax/demo/wishlist.html]
[html.vecurosoft.com/kundax/demo/error.html]
[html.vecurosoft.com/kundax/demo/shop-with-sidebar.html]
[html.vecurosoft.com/kundax/demo/assets/img/shape/header-after.png]
[html.vecurosoft.com/kundax/demo/assets/img/shape/hero-after.png]
[html.vecurosoft.com/kundax/demo/assets/img/bg/hero-1.jpg]
[html.vecurosoft.com/kundax/demo/assets/img/shape/hcontent-bg.png]
[html.vecurosoft.com/kundax/demo/assets/img/shape/hero-con-before.png]
[html.vecurosoft.com/kundax/demo/assets/img/shape/hero-con-after.png]
[html.vecurosoft.com/kundax/demo/assets/img/icon/car.png]
[html.vecurosoft.com/kundax/demo/assets/img/bg/hero-2.jpg]
[html.vecurosoft.com/kundax/demo/assets/img/bg/hero-3.jpg]
[html.vecurosoft.com/kundax/demo/assets/img/icon/service-1.png]
[html.vecurosoft.com/kundax/demo/assets/img/icon/service-2.png]
[html.vecurosoft.com/kundax/demo/assets/img/icon/service-3.png]
[html.vecurosoft.com/kundax/demo/assets/img/icon/service-4.png]
[html.vecurosoft.com/kundax/demo/assets/img/shape/service-line.png]
[html.vecurosoft.com/kundax/demo/assets/img/icon/lolypop.png]
[html.vecurosoft.com/kundax/demo/assets/img/icon/star-sm.png]
[html.vecurosoft.com/kundax/demo/assets/img/icon/star.png]
[html.vecurosoft.com/kundax/demo/assets/img/shape/line-1.png]
[html.vecurosoft.com/kundax/demo/assets/img/shape/line-2.png]
[html.vecurosoft.com/kundax/demo/assets/img/shape/shape-slide-1.png]
[html.vecurosoft.com/kundax/demo/assets/img/shape/shape-slide-2.png]
[html.vecurosoft.com/kundax/demo/assets/img/shape/shape-slide-3.png]
[html.vecurosoft.com/kundax/demo/assets/img/icon/cap-plane.png]
[html.vecurosoft.com/kundax/demo/assets/img/icon/busket-ball.png]
[html.vecurosoft.com/kundax/demo/assets/img/shape/main-shape-after.png]
[html.vecurosoft.com/kundax/demo/assets/img/class/class-1.jpg]
[html.vecurosoft.com/kundax/demo/assets/img/class/class-2.jpg]
[html.vecurosoft.com/kundax/demo/assets/img/class/class-3.jpg]
[html.vecurosoft.com/kundax/demo/assets/img/class/class-4.jpg]
[html.vecurosoft.com/kundax/demo/assets/img/icon/dog.png]
[html.vecurosoft.com/kundax/demo/assets/img/icon/curve-line.png]
[html.vecurosoft.com/kundax/demo/assets/img/icon/star-3.png]
[html.vecurosoft.com/kundax/demo/assets/img/icon/triangle.png]
[html.vecurosoft.com/kundax/demo/assets/img/icon/arrow-curve.png]
[html.vecurosoft.com/kundax/demo/assets/img/icon/process-1.png]
[html.vecurosoft.com/kundax/demo/assets/img/icon/process-2.png]
[html.vecurosoft.com/kundax/demo/assets/img/icon/process-3.png]
[html.vecurosoft.com/kundax/demo/assets/img/shape/before-shape-2.png]
[html.vecurosoft.com/kundax/demo/assets/img/shape/after-shape-2.png]
[html.vecurosoft.com/kundax/demo/assets/img/shape/cloud-1.png]
[html.vecurosoft.com/kundax/demo/assets/img/shape/cloud-2.png]
[html.vecurosoft.com/kundax/demo/assets/img/icon/butterfly-3.png]
[html.vecurosoft.com/kundax/demo/assets/img/icon/rocket.png]
[html.vecurosoft.com/kundax/demo/assets/img/shape/rainbow-star.png]
[html.vecurosoft.com/kundax/demo/assets/img/icon/note.png]
[html.vecurosoft.com/kundax/demo/assets/img/icon/bird.png]
[html.vecurosoft.com/kundax/demo/assets/img/team/t-mask.png]
[html.vecurosoft.com/kundax/demo/assets/img/team/t-1.jpg]
[html.vecurosoft.com/kundax/demo/assets/img/team/t-2.jpg]
[html.vecurosoft.com/kundax/demo/assets/img/team/t-3.jpg]
[html.vecurosoft.com/kundax/demo/assets/img/team/t-4.jpg]
[html.vecurosoft.com/kundax/demo/assets/img/icon/car-2.png]
[html.vecurosoft.com/kundax/demo/assets/img/icon/sun.png]
[html.vecurosoft.com/kundax/demo/assets/img/icon/math-1.png]
[html.vecurosoft.com/kundax/demo/assets/img/icon/rainbow-cloud.png]
[html.vecurosoft.com/kundax/demo/assets/img/icon/butterfly-4.png]
[html.vecurosoft.com/kundax/demo/assets/img/blog/blog-1.jpg]
[html.vecurosoft.com/kundax/demo/assets/img/blog/blog-2.jpg]
[html.vecurosoft.com/kundax/demo/assets/img/blog/blog-3.jpg]
[html.vecurosoft.com/kundax/demo/assets/img/blog/blog-4.jpg]
[html.vecurosoft.com/kundax/demo/assets/img/icon/apple.png]
[html.vecurosoft.com/kundax/demo/assets/img/icon/ruler.png]
[html.vecurosoft.com/kundax/demo/assets/img/icon/cloud-3.png]
[html.vecurosoft.com/kundax/demo/assets/img/icon/math-2.png]
[html.vecurosoft.com/kundax/demo/assets/img/bg/footer-1.png]
[html.vecurosoft.com/kundax/demo/assets/img/icon/sun-3.png]
[html.vecurosoft.com/kundax/demo/assets/img/icon/butterfly.png]
[html.vecurosoft.com/kundax/demo/assets/img/icon/butterfly-sm.png]
[html.vecurosoft.com/kundax/demo/assets/js/jquery-3.5.0.min.js]
[html.vecurosoft.com/kundax/demo/assets/js/slick.min.js]
[html.vecurosoft.com/kundax/demo/assets/js/bootstrap.min.js]
[html.vecurosoft.com/kundax/demo/assets/js/jquery.magnific-popup.min.js]
[html.vecurosoft.com/kundax/demo/assets/js/imagesloaded.pkgd.min.js]
[html.vecurosoft.com/kundax/demo/assets/js/isotope.pkgd.min.js]
[html.vecurosoft.com/kundax/demo/assets/js/jquery.counterup.min.js]
[html.vecurosoft.com/kundax/demo/assets/js/parallax.min.js]
[html.vecurosoft.com/kundax/demo/assets/js/vscustom-carousel.min.js]
[html.vecurosoft.com/kundax/demo/assets/js/jquery-ui.min.js]
[html.vecurosoft.com/kundax/demo/assets/js/wow.min.js]
[html.vecurosoft.com/kundax/demo/assets/js/ajax-mail.js]
[html.vecurosoft.com/kundax/demo/assets/js/main.js]
[html.vecurosoft.com/kundax/demo/index.html]
[html.vecurosoft.com/kundax/demo/assets/css/bootstrap.min.css]
[html.vecurosoft.com/kundax/demo/assets/fonts/fontawesome/fa-brands-400.woff2]
[html.vecurosoft.com/kundax/demo/assets/fonts/fontawesome/fa-brands-400.ttf]
[html.vecurosoft.com/kundax/demo/assets/fonts/fontawesome/fa-duotone-900.woff2]
[html.vecurosoft.com/kundax/demo/assets/fonts/fontawesome/fa-duotone-900.ttf]
[html.vecurosoft.com/kundax/demo/assets/fonts/fontawesome/fa-light-300.woff2]
[html.vecurosoft.com/kundax/demo/assets/fonts/fontawesome/fa-light-300.ttf]
[html.vecurosoft.com/kundax/demo/assets/fonts/fontawesome/fa-regular-400.woff2]
[html.vecurosoft.com/kundax/demo/assets/fonts/fontawesome/fa-regular-400.ttf]
[html.vecurosoft.com/kundax/demo/assets/fonts/fontawesome/fa-solid-900.woff2]
[html.vecurosoft.com/kundax/demo/assets/fonts/fontawesome/fa-solid-900.ttf]
[html.vecurosoft.com/kundax/demo/assets/fonts/fontawesome/fa-thin-100.woff2]
[html.vecurosoft.com/kundax/demo/assets/fonts/fontawesome/fa-thin-100.ttf]
[html.vecurosoft.com/kundax/demo/assets/fonts/fontawesome/fa-v4compatibility.woff2]
[html.vecurosoft.com/kundax/demo/assets/fonts/fontawesome/fa-v4compatibility.ttf]
[html.vecurosoft.com/kundax/demo/assets/css/fontawesome.min.css]
[html.vecurosoft.com/kundax/demo/assets/css/magnific-popup.min.css]
[html.vecurosoft.com/kundax/demo/assets/css/slick.min.css]
[html.vecurosoft.com/kundax/demo/assets/css/style.css]
[html.vecurosoft.com/kundax/demo/assets/img/bg/breadcrumb-bg-1.jpg]
[html.vecurosoft.com/kundax/demo/assets/img/blog/blog-single.jpg]
[html.vecurosoft.com/kundax/demo/assets/img/blog/author-1.jpg]
[html.vecurosoft.com/kundax/demo/assets/img/blog/author-2.jpg]
[html.vecurosoft.com/kundax/demo/assets/img/blog/thumb-1.jpg]
[html.vecurosoft.com/kundax/demo/assets/img/blog/thumb-2.jpg]
[html.vecurosoft.com/kundax/demo/assets/img/blog/thumb-3.jpg]
[html.vecurosoft.com/kundax/demo/assets/img/blog/widget-banner.jpg]
[html.vecurosoft.com/kundax/demo/assets/img/shape/footer-before.png]
[html.vecurosoft.com/kundax/demo/assets/img/icon/cloud-2.png]
[html.vecurosoft.com/kundax/demo/assets/img/icon/car-4.png]
[html.vecurosoft.com/kundax/demo/blog-details.html]
[html.vecurosoft.com/kundax/demo/assets/img/blog/blog-big-1.jpg]
[html.vecurosoft.com/kundax/demo/assets/img/blog/blog-big-2.jpg]
[html.vecurosoft.com/kundax/demo/assets/img/blog/blog-big-3.jpg]
[html.vecurosoft.com/kundax/demo/assets/img/blog/blog-big-4.jpg]
[html.vecurosoft.com/kundax/demo/assets/img/blog/blog-big-5.jpg]
[html.vecurosoft.com/kundax/demo/blog.html]
[html.vecurosoft.com/kundax/demo/assets/img/bg/hero2-bg.jpg]
[html.vecurosoft.com/kundax/demo/assets/img/shape/hero2-after.png]
[html.vecurosoft.com/kundax/demo/assets/img/bg/hero2-img-1.png]
[html.vecurosoft.com/kundax/demo/assets/img/bg/hero2-img-2.png]
[html.vecurosoft.com/kundax/demo/assets/img/bg/hero2-cloud.png]
[html.vecurosoft.com/kundax/demo/assets/img/icon/fire.png]
[html.vecurosoft.com/kundax/demo/assets/img/icon/star-4.png]
[html.vecurosoft.com/kundax/demo/assets/img/icon/rocket-2.png]
[html.vecurosoft.com/kundax/demo/assets/img/icon/emoji-1.png]
[html.vecurosoft.com/kundax/demo/assets/img/icon/cloud-4.png]
[html.vecurosoft.com/kundax/demo/assets/img/service/s-1.jpg]
[html.vecurosoft.com/kundax/demo/assets/img/icon/sr-1.png]
[html.vecurosoft.com/kundax/demo/assets/img/service/s-2.jpg]
[html.vecurosoft.com/kundax/demo/assets/img/icon/sr-2.png]
[html.vecurosoft.com/kundax/demo/assets/img/service/s-3.jpg]
[html.vecurosoft.com/kundax/demo/assets/img/icon/sr-3.png]
[html.vecurosoft.com/kundax/demo/assets/img/service/s-4.jpg]
[html.vecurosoft.com/kundax/demo/assets/img/icon/sr-4.png]
[html.vecurosoft.com/kundax/demo/assets/img/service/s-5.jpg]
[html.vecurosoft.com/kundax/demo/assets/img/icon/sr-5.png]
[html.vecurosoft.com/kundax/demo/assets/img/service/s-6.jpg]
[html.vecurosoft.com/kundax/demo/assets/img/icon/sr-6.png]
[html.vecurosoft.com/kundax/demo/assets/img/normal/about-vector.png]
[html.vecurosoft.com/kundax/demo/assets/img/shape/main-shape-before.png]
[html.vecurosoft.com/kundax/demo/assets/img/shape/main-shape-after-2.png]
[html.vecurosoft.com/kundax/demo/assets/img/icon/sun-2.png]
[html.vecurosoft.com/kundax/demo/assets/img/icon/car-3.png]
[html.vecurosoft.com/kundax/demo/assets/img/icon/rain.png]
[html.vecurosoft.com/kundax/demo/assets/img/icon/light.png]
[html.vecurosoft.com/kundax/demo/assets/img/blog/author-3.jpg]
[html.vecurosoft.com/kundax/demo/assets/img/class/class-5.jpg]
[html.vecurosoft.com/kundax/demo/assets/img/class/class-6.jpg]
[html.vecurosoft.com/kundax/demo/assets/img/icon/counter-1.png]
[html.vecurosoft.com/kundax/demo/assets/img/icon/counter-2.png]
[html.vecurosoft.com/kundax/demo/assets/img/icon/counter-3.png]
[html.vecurosoft.com/kundax/demo/assets/img/icon/counter-4.png]
[html.vecurosoft.com/kundax/demo/assets/img/shape/counter-before-smoke-2.png]
[html.vecurosoft.com/kundax/demo/assets/img/shape/after-shape-3.png]
[html.vecurosoft.com/kundax/demo/assets/img/icon/egg.png]
[html.vecurosoft.com/kundax/demo/assets/img/icon/star-5.png]
[html.vecurosoft.com/kundax/demo/assets/img/shape/line-3.png]
[html.vecurosoft.com/kundax/demo/assets/img/normal/img-1.jpg]
[html.vecurosoft.com/kundax/demo/assets/img/icon/t-1.png]
[html.vecurosoft.com/kundax/demo/assets/img/icon/t-2.png]
[html.vecurosoft.com/kundax/demo/assets/img/bg/btn-bg.png]
[html.vecurosoft.com/kundax/demo/assets/img/bg/btn-bg-active.png]
[html.vecurosoft.com/kundax/demo/assets/img/project/p-1.jpg]
[html.vecurosoft.com/kundax/demo/assets/img/project/p-2.jpg]
[html.vecurosoft.com/kundax/demo/assets/img/project/p-3.jpg]
[html.vecurosoft.com/kundax/demo/assets/img/project/p-4.jpg]
[html.vecurosoft.com/kundax/demo/assets/img/project/p-5.jpg]
[html.vecurosoft.com/kundax/demo/assets/img/project/p-6.jpg]
[html.vecurosoft.com/kundax/demo/assets/img/project/p-7.jpg]
[html.vecurosoft.com/kundax/demo/assets/img/project/p-8.jpg]
[html.vecurosoft.com/kundax/demo/assets/img/shape/before-shape-5.png]
[html.vecurosoft.com/kundax/demo/assets/img/shape/after-shape-5.png]
[html.vecurosoft.com/kundax/demo/assets/img/icon/duck.png]
[html.vecurosoft.com/kundax/demo/assets/img/icon/butterfly-5.png]
[html.vecurosoft.com/kundax/demo/assets/img/icon/leaves.png]
[html.vecurosoft.com/kundax/demo/assets/img/testimonial/avator-1.jpg]
[html.vecurosoft.com/kundax/demo/assets/img/testimonial/avator-2.jpg]
[html.vecurosoft.com/kundax/demo/assets/img/testimonial/avator-3.jpg]
[html.vecurosoft.com/kundax/demo/assets/img/shape/before-shape-4.png]
[html.vecurosoft.com/kundax/demo/assets/img/shape/after-shape-4.png]
[html.vecurosoft.com/kundax/demo/assets/img/icon/star-6.png]
[html.vecurosoft.com/kundax/demo/assets/img/icon/flower-1.png]
[html.vecurosoft.com/kundax/demo/assets/img/icon/leaves-2.png]
[html.vecurosoft.com/kundax/demo/assets/img/icon/animal-2.png]
[html.vecurosoft.com/kundax/demo/assets/img/bg/bg_2.png]
[html.vecurosoft.com/kundax/demo/assets/img/icon/mail-big-icon.png]
[html.vecurosoft.com/kundax/demo/index-2.html]
[html.vecurosoft.com/kundax/demo/assets/img/shape/hero3-after.png]
[html.vecurosoft.com/kundax/demo/assets/img/bg/hero3-1.jpg]
[html.vecurosoft.com/kundax/demo/assets/img/bg/hero3-overlay.png]
[html.vecurosoft.com/kundax/demo/assets/img/bg/hero3-2.jpg]
[html.vecurosoft.com/kundax/demo/assets/img/bg/hero3-3.jpg]
[html.vecurosoft.com/kundax/demo/assets/img/icon/sun-4.png]
[html.vecurosoft.com/kundax/demo/assets/img/icon/car-5.png]
[html.vecurosoft.com/kundax/demo/assets/img/icon/rain-2.png]
[html.vecurosoft.com/kundax/demo/assets/img/icon/m.png]
[html.vecurosoft.com/kundax/demo/assets/img/shape/after-shape-8.png]
[html.vecurosoft.com/kundax/demo/assets/img/icon/note-2.png]
[html.vecurosoft.com/kundax/demo/assets/img/icon/ballon.png]
[html.vecurosoft.com/kundax/demo/assets/img/icon/paper-plane.png]
[html.vecurosoft.com/kundax/demo/assets/img/icon/car-6.png]
[html.vecurosoft.com/kundax/demo/assets/img/icon/s3-1.png]
[html.vecurosoft.com/kundax/demo/assets/img/icon/s3-2.png]
[html.vecurosoft.com/kundax/demo/assets/img/icon/s3-3.png]
[html.vecurosoft.com/kundax/demo/assets/img/service/s3-1.jpg]
[html.vecurosoft.com/kundax/demo/assets/img/icon/sr3-1.png]
[html.vecurosoft.com/kundax/demo/assets/img/service/s3-2.jpg]
[html.vecurosoft.com/kundax/demo/assets/img/icon/sr3-2.png]
[html.vecurosoft.com/kundax/demo/assets/img/service/s3-3.jpg]
[html.vecurosoft.com/kundax/demo/assets/img/icon/sr3-3.png]
[html.vecurosoft.com/kundax/demo/assets/img/service/s3-4.jpg]
[html.vecurosoft.com/kundax/demo/assets/img/icon/sr3-4.png]
[html.vecurosoft.com/kundax/demo/assets/img/service/s3-5.jpg]
[html.vecurosoft.com/kundax/demo/assets/img/icon/sr3-5.png]
[html.vecurosoft.com/kundax/demo/assets/img/service/s3-6.jpg]
[html.vecurosoft.com/kundax/demo/assets/img/icon/sr3-6.png]
[html.vecurosoft.com/kundax/demo/assets/img/icon/s3-4.png]
[html.vecurosoft.com/kundax/demo/assets/img/icon/s3-5.png]
[html.vecurosoft.com/kundax/demo/assets/img/icon/s3-6.png]
[html.vecurosoft.com/kundax/demo/assets/img/icon/star-8.png]
[html.vecurosoft.com/kundax/demo/assets/img/icon/draw-1.png]
[html.vecurosoft.com/kundax/demo/assets/img/icon/star-9.png]
[html.vecurosoft.com/kundax/demo/assets/img/icon/apple-2.png]
[html.vecurosoft.com/kundax/demo/assets/img/shape/before-shape-8.png]
[html.vecurosoft.com/kundax/demo/assets/img/team/t2-1.jpg]
[html.vecurosoft.com/kundax/demo/assets/img/team/t2-2.jpg]
[html.vecurosoft.com/kundax/demo/assets/img/team/t2-3.jpg]
[html.vecurosoft.com/kundax/demo/assets/img/team/t2-4.jpg]
[html.vecurosoft.com/kundax/demo/assets/img/normal/why-1.jpg]
[html.vecurosoft.com/kundax/demo/assets/img/normal/why-2.jpg]
[html.vecurosoft.com/kundax/demo/assets/img/normal/why-3.jpg]
[html.vecurosoft.com/kundax/demo/assets/img/icon/animal-1.png]
[html.vecurosoft.com/kundax/demo/assets/img/icon/halicopter.png]
[html.vecurosoft.com/kundax/demo/assets/img/icon/sun-5.png]
[html.vecurosoft.com/kundax/demo/assets/img/icon/dog-2.png]
[html.vecurosoft.com/kundax/demo/assets/img/icon/girl-1.png]
[html.vecurosoft.com/kundax/demo/assets/img/icon/star-7.png]
[html.vecurosoft.com/kundax/demo/assets/img/icon/bottle-1.png]
[html.vecurosoft.com/kundax/demo/assets/img/icon/ballon-2.png]
[html.vecurosoft.com/kundax/demo/assets/img/shape/counter-after-smoke.png]
[html.vecurosoft.com/kundax/demo/index-3.html]
[html.vecurosoft.com/kundax/demo/assets/img/normal/square-1.jpg]
[html.vecurosoft.com/kundax/demo/assets/img/normal/square-2.jpg]
[html.vecurosoft.com/kundax/demo/assets/img/shape/counter-before-1.png]
[html.vecurosoft.com/kundax/demo/assets/img/shape/counter-after-1.png]
[html.vecurosoft.com/kundax/demo/assets/img/icon/process2-1.png]
[html.vecurosoft.com/kundax/demo/assets/img/icon/process2-2.png]
[html.vecurosoft.com/kundax/demo/assets/img/icon/process2-3.png]
[html.vecurosoft.com/kundax/demo/assets/img/icon/process2-4.png]
[html.vecurosoft.com/kundax/demo/assets/img/shape/dashed-line-1.png]
[html.vecurosoft.com/kundax/demo/assets/img/icon/doll-1.png]
[html.vecurosoft.com/kundax/demo/assets/img/icon/shoe-1.png]
[html.vecurosoft.com/kundax/demo/assets/img/icon/plane-1.png]
[html.vecurosoft.com/kundax/demo/about.html]
[html.vecurosoft.com/kundax/demo/service.html]
[html.vecurosoft.com/kundax/demo/assets/img/service/service-details.jpg]
[html.vecurosoft.com/kundax/demo/assets/img/service/sr-gallery-1.jpg]
[html.vecurosoft.com/kundax/demo/assets/img/service/sr-gallery-2.jpg]
[html.vecurosoft.com/kundax/demo/assets/img/banner/widget-banner-2.jpg]
[html.vecurosoft.com/kundax/demo/assets/img/banner/widget-banner-3.jpg]
[html.vecurosoft.com/kundax/demo/service-details.html]
[html.vecurosoft.com/kundax/demo/assets/img/product/p-1.jpg]
[html.vecurosoft.com/kundax/demo/assets/img/product/p-2.jpg]
[html.vecurosoft.com/kundax/demo/assets/img/product/p-3.jpg]
[html.vecurosoft.com/kundax/demo/assets/img/product/p-4.jpg]
[html.vecurosoft.com/kundax/demo/assets/img/product/p-5.jpg]
[html.vecurosoft.com/kundax/demo/assets/img/product/p-6.jpg]
[html.vecurosoft.com/kundax/demo/assets/img/product/p-7.jpg]
[html.vecurosoft.com/kundax/demo/assets/img/product/p-8.jpg]
[html.vecurosoft.com/kundax/demo/assets/img/product/p-9.jpg]
[html.vecurosoft.com/kundax/demo/assets/img/product/p-10.jpg]
[html.vecurosoft.com/kundax/demo/assets/img/product/p-11.jpg]
[html.vecurosoft.com/kundax/demo/assets/img/product/p-12.jpg]
[html.vecurosoft.com/kundax/demo/shop.html]
[html.vecurosoft.com/kundax/demo/assets/img/product/big-1.jpg]
[html.vecurosoft.com/kundax/demo/assets/img/product/p-thumb-1.jpg]
[html.vecurosoft.com/kundax/demo/assets/img/product/p-thumb-2.jpg]
[html.vecurosoft.com/kundax/demo/assets/img/product/p-thumb-3.jpg]
[html.vecurosoft.com/kundax/demo/assets/img/product/p-thumb-4.jpg]
[html.vecurosoft.com/kundax/demo/assets/img/product/p-thumb-5.jpg]
[html.vecurosoft.com/kundax/demo/shop-details.html]
[html.vecurosoft.com/kundax/demo/assets/img/bg/breadcrumb-bg-smoke.jpg]
[html.vecurosoft.com/kundax/demo/assets/img/event/e-1.jpg]
[html.vecurosoft.com/kundax/demo/assets/img/event/e-2.jpg]
[html.vecurosoft.com/kundax/demo/assets/img/event/e-3.jpg]
[html.vecurosoft.com/kundax/demo/assets/img/event/e-4.jpg]
[html.vecurosoft.com/kundax/demo/assets/img/event/e-5.jpg]
[html.vecurosoft.com/kundax/demo/assets/img/event/e-6.jpg]
[html.vecurosoft.com/kundax/demo/event.html]
[html.vecurosoft.com/kundax/demo/assets/img/event/e-details-1.jpg]
[html.vecurosoft.com/kundax/demo/assets/img/event/e-details-2.jpg]
[html.vecurosoft.com/kundax/demo/assets/img/event/e-details-3.jpg]
[html.vecurosoft.com/kundax/demo/event-details.html]
[html.vecurosoft.com/kundax/demo/assets/img/project/p-9.jpg]
[html.vecurosoft.com/kundax/demo/assets/img/project/p-10.jpg]
[html.vecurosoft.com/kundax/demo/assets/img/project/p-11.jpg]
[html.vecurosoft.com/kundax/demo/assets/img/project/p-12.jpg]
[html.vecurosoft.com/kundax/demo/assets/img/normal/shape-img-1.png]
[html.vecurosoft.com/kundax/demo/gallery.html]
[html.vecurosoft.com/kundax/demo/assets/img/team/team-details.png]
[html.vecurosoft.com/kundax/demo/team-details.html]
[html.vecurosoft.com/kundax/demo/assets/img/icon/location.png]
[html.vecurosoft.com/kundax/demo/assets/img/icon/phone.png]
[html.vecurosoft.com/kundax/demo/assets/img/icon/email.png]
[html.vecurosoft.com/kundax/demo/contact.html]
[html.vecurosoft.com/kundax/demo/assets/img/bg/breadcrumb-bg-smoke2.jpg]
[html.vecurosoft.com/kundax/demo/assets/img/shape/main-shape-before-2.png]
[html.vecurosoft.com/kundax/demo/assets/img/shape/main-shape-after-smoke.png]
[html.vecurosoft.com/kundax/demo/assets/img/testimonial/avator-4.jpg]
[html.vecurosoft.com/kundax/demo/classes.html]
[html.vecurosoft.com/kundax/demo/assets/img/class/class-details-1.jpg]
[html.vecurosoft.com/kundax/demo/assets/img/class/class-details-2.jpg]
[html.vecurosoft.com/kundax/demo/assets/img/class/class-details-3.jpg]
[html.vecurosoft.com/kundax/demo/assets/img/class/class-details-4.jpg]
[html.vecurosoft.com/kundax/demo/assets/img/class/class-details-5.jpg]
[html.vecurosoft.com/kundax/demo/assets/img/class/class-details-6.jpg]
[html.vecurosoft.com/kundax/demo/assets/img/class/thumb-1.jpg]
[html.vecurosoft.com/kundax/demo/assets/img/class/thumb-2.jpg]
[html.vecurosoft.com/kundax/demo/assets/img/class/thumb-3.jpg]
[html.vecurosoft.com/kundax/demo/assets/img/class/thumb-4.jpg]
[html.vecurosoft.com/kundax/demo/assets/img/class/thumb-5.jpg]
[html.vecurosoft.com/kundax/demo/assets/img/class/thumb-6.jpg]
[html.vecurosoft.com/kundax/demo/class-details.html]
[html.vecurosoft.com/kundax/demo/cart.html]
[html.vecurosoft.com/kundax/demo/checkout.html]
[html.vecurosoft.com/kundax/demo/wishlist.html]
[html.vecurosoft.com/kundax/demo/assets/img/bg/error-bg.jpg]
[html.vecurosoft.com/kundax/demo/assets/img/normal/astronut.png]
[html.vecurosoft.com/kundax/demo/error.html]
[html.vecurosoft.com/kundax/demo/assets/img/product/thumb-1.jpg]
[html.vecurosoft.com/kundax/demo/assets/img/product/thumb-2.jpg]
[html.vecurosoft.com/kundax/demo/assets/img/product/thumb-3.jpg]
[html.vecurosoft.com/kundax/demo/shop-with-sidebar.html]
[html.vecurosoft.com/kundax/demo/about-us.html]
[html.vecurosoft.com/kundax/demo/team.html]
